// Jest Snapshot v1, https://goo.gl/fbAQLP

exports[`GoogleBooks Rendering should match to snapshot 1`] = `
<Image
  source={
    Object {
      "testUri": "../../../src/assets/img/logo.png",
    }
  }
/>
`;
